// Jest Snapshot v1, https://goo.gl/fbAQLP

exports[`components/SinglePost/SinglePost.js in general should render correct snapshot 1`] = `null`;
